<?xml version="1.0" encoding="UTF-8"?>
<další>
    <array>
        <item>
            10
        </item>
        <item>
            -1
        </item>
        <item>
            -2
        </item>
    </array>
</další>
<xwestxxxxxwestx value="test"/>
<poslední value="true"/>
